param "$mfactor"
units = "", desc = "Multiplier (Verilog-A $mfactor)", flags = ParameterFlags(PARA_KIND_INST)
param "LEVEL"
units = "", desc = "", flags = ParameterFlags(0x0)
param "TYPE"
units = "", desc = "", flags = ParameterFlags(0x0)
param "TR"
units = "", desc = "", flags = ParameterFlags(0x0)
param "SWIGATE"
units = "", desc = "", flags = ParameterFlags(0x0)
param "SWIMPACT"
units = "", desc = "", flags = ParameterFlags(0x0)
param "SWGIDL"
units = "", desc = "", flags = ParameterFlags(0x0)
param "SWJUNCAP"
units = "", desc = "", flags = ParameterFlags(0x0)
param "SWJUNASYM"
units = "", desc = "", flags = ParameterFlags(0x0)
param "QMC"
units = "", desc = "", flags = ParameterFlags(0x0)
param "LVARO"
units = "", desc = "", flags = ParameterFlags(0x0)
param "LVARL"
units = "", desc = "", flags = ParameterFlags(0x0)
param "LVARW"
units = "", desc = "", flags = ParameterFlags(0x0)
param "LAP"
units = "", desc = "", flags = ParameterFlags(0x0)
param "WVARO"
units = "", desc = "", flags = ParameterFlags(0x0)
param "WVARL"
units = "", desc = "", flags = ParameterFlags(0x0)
param "WVARW"
units = "", desc = "", flags = ParameterFlags(0x0)
param "WOT"
units = "", desc = "", flags = ParameterFlags(0x0)
param "DLQ"
units = "", desc = "", flags = ParameterFlags(0x0)
param "DWQ"
units = "", desc = "", flags = ParameterFlags(0x0)
param "VFBO"
units = "", desc = "", flags = ParameterFlags(0x0)
param "VFBL"
units = "", desc = "", flags = ParameterFlags(0x0)
param "VFBW"
units = "", desc = "", flags = ParameterFlags(0x0)
param "VFBLW"
units = "", desc = "", flags = ParameterFlags(0x0)
param "STVFBO"
units = "", desc = "", flags = ParameterFlags(0x0)
param "STVFBL"
units = "", desc = "", flags = ParameterFlags(0x0)
param "STVFBW"
units = "", desc = "", flags = ParameterFlags(0x0)
param "STVFBLW"
units = "", desc = "", flags = ParameterFlags(0x0)
param "TOXO"
units = "", desc = "", flags = ParameterFlags(0x0)
param "EPSROXO"
units = "", desc = "", flags = ParameterFlags(0x0)
param "NSUBO"
units = "", desc = "", flags = ParameterFlags(0x0)
param "NSUBW"
units = "", desc = "", flags = ParameterFlags(0x0)
param "WSEG"
units = "", desc = "", flags = ParameterFlags(0x0)
param "NPCK"
units = "", desc = "", flags = ParameterFlags(0x0)
param "NPCKW"
units = "", desc = "", flags = ParameterFlags(0x0)
param "WSEGP"
units = "", desc = "", flags = ParameterFlags(0x0)
param "LPCK"
units = "", desc = "", flags = ParameterFlags(0x0)
param "LPCKW"
units = "", desc = "", flags = ParameterFlags(0x0)
param "FOL1"
units = "", desc = "", flags = ParameterFlags(0x0)
param "FOL2"
units = "", desc = "", flags = ParameterFlags(0x0)
param "VNSUBO"
units = "", desc = "", flags = ParameterFlags(0x0)
param "NSLPO"
units = "", desc = "", flags = ParameterFlags(0x0)
param "DNSUBO"
units = "", desc = "", flags = ParameterFlags(0x0)
param "DPHIBO"
units = "", desc = "", flags = ParameterFlags(0x0)
param "DPHIBL"
units = "", desc = "", flags = ParameterFlags(0x0)
param "DPHIBLEXP"
units = "", desc = "", flags = ParameterFlags(0x0)
param "DPHIBW"
units = "", desc = "", flags = ParameterFlags(0x0)
param "DPHIBLW"
units = "", desc = "", flags = ParameterFlags(0x0)
param "NPO"
units = "", desc = "", flags = ParameterFlags(0x0)
param "NPL"
units = "", desc = "", flags = ParameterFlags(0x0)
param "CTO"
units = "", desc = "", flags = ParameterFlags(0x0)
param "CTL"
units = "", desc = "", flags = ParameterFlags(0x0)
param "CTLEXP"
units = "", desc = "", flags = ParameterFlags(0x0)
param "CTW"
units = "", desc = "", flags = ParameterFlags(0x0)
param "CTLW"
units = "", desc = "", flags = ParameterFlags(0x0)
param "TOXOVO"
units = "", desc = "", flags = ParameterFlags(0x0)
param "TOXOVDO"
units = "", desc = "", flags = ParameterFlags(0x0)
param "LOV"
units = "", desc = "", flags = ParameterFlags(0x0)
param "LOVD"
units = "", desc = "", flags = ParameterFlags(0x0)
param "NOVO"
units = "", desc = "", flags = ParameterFlags(0x0)
param "NOVDO"
units = "", desc = "", flags = ParameterFlags(0x0)
param "CFL"
units = "", desc = "", flags = ParameterFlags(0x0)
param "CFLEXP"
units = "", desc = "", flags = ParameterFlags(0x0)
param "CFW"
units = "", desc = "", flags = ParameterFlags(0x0)
param "CFBO"
units = "", desc = "", flags = ParameterFlags(0x0)
param "UO"
units = "", desc = "", flags = ParameterFlags(0x0)
param "FBET1"
units = "", desc = "", flags = ParameterFlags(0x0)
param "FBET1W"
units = "", desc = "", flags = ParameterFlags(0x0)
param "LP1"
units = "", desc = "", flags = ParameterFlags(0x0)
param "LP1W"
units = "", desc = "", flags = ParameterFlags(0x0)
param "FBET2"
units = "", desc = "", flags = ParameterFlags(0x0)
param "LP2"
units = "", desc = "", flags = ParameterFlags(0x0)
param "BETW1"
units = "", desc = "", flags = ParameterFlags(0x0)
param "BETW2"
units = "", desc = "", flags = ParameterFlags(0x0)
param "WBET"
units = "", desc = "", flags = ParameterFlags(0x0)
param "STBETO"
units = "", desc = "", flags = ParameterFlags(0x0)
param "STBETL"
units = "", desc = "", flags = ParameterFlags(0x0)
param "STBETW"
units = "", desc = "", flags = ParameterFlags(0x0)
param "STBETLW"
units = "", desc = "", flags = ParameterFlags(0x0)
param "MUEO"
units = "", desc = "", flags = ParameterFlags(0x0)
param "MUEW"
units = "", desc = "", flags = ParameterFlags(0x0)
param "STMUEO"
units = "", desc = "", flags = ParameterFlags(0x0)
param "THEMUO"
units = "", desc = "", flags = ParameterFlags(0x0)
param "STTHEMUO"
units = "", desc = "", flags = ParameterFlags(0x0)
param "CSO"
units = "", desc = "", flags = ParameterFlags(0x0)
param "CSL"
units = "", desc = "", flags = ParameterFlags(0x0)
param "CSLEXP"
units = "", desc = "", flags = ParameterFlags(0x0)
param "CSW"
units = "", desc = "", flags = ParameterFlags(0x0)
param "CSLW"
units = "", desc = "", flags = ParameterFlags(0x0)
param "STCSO"
units = "", desc = "", flags = ParameterFlags(0x0)
param "XCORO"
units = "", desc = "", flags = ParameterFlags(0x0)
param "XCORL"
units = "", desc = "", flags = ParameterFlags(0x0)
param "XCORW"
units = "", desc = "", flags = ParameterFlags(0x0)
param "XCORLW"
units = "", desc = "", flags = ParameterFlags(0x0)
param "STXCORO"
units = "", desc = "", flags = ParameterFlags(0x0)
param "FETAO"
units = "", desc = "", flags = ParameterFlags(0x0)
param "RSW1"
units = "", desc = "", flags = ParameterFlags(0x0)
param "RSW2"
units = "", desc = "", flags = ParameterFlags(0x0)
param "STRSO"
units = "", desc = "", flags = ParameterFlags(0x0)
param "RSBO"
units = "", desc = "", flags = ParameterFlags(0x0)
param "RSGO"
units = "", desc = "", flags = ParameterFlags(0x0)
param "THESATO"
units = "", desc = "", flags = ParameterFlags(0x0)
param "THESATL"
units = "", desc = "", flags = ParameterFlags(0x0)
param "THESATLEXP"
units = "", desc = "", flags = ParameterFlags(0x0)
param "THESATW"
units = "", desc = "", flags = ParameterFlags(0x0)
param "THESATLW"
units = "", desc = "", flags = ParameterFlags(0x0)
param "STTHESATO"
units = "", desc = "", flags = ParameterFlags(0x0)
param "STTHESATL"
units = "", desc = "", flags = ParameterFlags(0x0)
param "STTHESATW"
units = "", desc = "", flags = ParameterFlags(0x0)
param "STTHESATLW"
units = "", desc = "", flags = ParameterFlags(0x0)
param "THESATBO"
units = "", desc = "", flags = ParameterFlags(0x0)
param "THESATGO"
units = "", desc = "", flags = ParameterFlags(0x0)
param "AXO"
units = "", desc = "", flags = ParameterFlags(0x0)
param "AXL"
units = "", desc = "", flags = ParameterFlags(0x0)
param "ALPL"
units = "", desc = "", flags = ParameterFlags(0x0)
param "ALPLEXP"
units = "", desc = "", flags = ParameterFlags(0x0)
param "ALPW"
units = "", desc = "", flags = ParameterFlags(0x0)
param "ALP1L1"
units = "", desc = "", flags = ParameterFlags(0x0)
param "ALP1LEXP"
units = "", desc = "", flags = ParameterFlags(0x0)
param "ALP1L2"
units = "", desc = "", flags = ParameterFlags(0x0)
param "ALP1W"
units = "", desc = "", flags = ParameterFlags(0x0)
param "ALP2L1"
units = "", desc = "", flags = ParameterFlags(0x0)
param "ALP2LEXP"
units = "", desc = "", flags = ParameterFlags(0x0)
param "ALP2L2"
units = "", desc = "", flags = ParameterFlags(0x0)
param "ALP2W"
units = "", desc = "", flags = ParameterFlags(0x0)
param "VPO"
units = "", desc = "", flags = ParameterFlags(0x0)
param "A1O"
units = "", desc = "", flags = ParameterFlags(0x0)
param "A1L"
units = "", desc = "", flags = ParameterFlags(0x0)
param "A1W"
units = "", desc = "", flags = ParameterFlags(0x0)
param "A2O"
units = "", desc = "", flags = ParameterFlags(0x0)
param "STA2O"
units = "", desc = "", flags = ParameterFlags(0x0)
param "A3O"
units = "", desc = "", flags = ParameterFlags(0x0)
param "A3L"
units = "", desc = "", flags = ParameterFlags(0x0)
param "A3W"
units = "", desc = "", flags = ParameterFlags(0x0)
param "A4O"
units = "", desc = "", flags = ParameterFlags(0x0)
param "A4L"
units = "", desc = "", flags = ParameterFlags(0x0)
param "A4W"
units = "", desc = "", flags = ParameterFlags(0x0)
param "GCOO"
units = "", desc = "", flags = ParameterFlags(0x0)
param "IGINVLW"
units = "", desc = "", flags = ParameterFlags(0x0)
param "IGOVW"
units = "", desc = "", flags = ParameterFlags(0x0)
param "IGOVDW"
units = "", desc = "", flags = ParameterFlags(0x0)
param "STIGO"
units = "", desc = "", flags = ParameterFlags(0x0)
param "GC2O"
units = "", desc = "", flags = ParameterFlags(0x0)
param "GC3O"
units = "", desc = "", flags = ParameterFlags(0x0)
param "CHIBO"
units = "", desc = "", flags = ParameterFlags(0x0)
param "AGIDLW"
units = "", desc = "", flags = ParameterFlags(0x0)
param "AGIDLDW"
units = "", desc = "", flags = ParameterFlags(0x0)
param "BGIDLO"
units = "", desc = "", flags = ParameterFlags(0x0)
param "BGIDLDO"
units = "", desc = "", flags = ParameterFlags(0x0)
param "STBGIDLO"
units = "", desc = "", flags = ParameterFlags(0x0)
param "STBGIDLDO"
units = "", desc = "", flags = ParameterFlags(0x0)
param "CGIDLO"
units = "", desc = "", flags = ParameterFlags(0x0)
param "CGIDLDO"
units = "", desc = "", flags = ParameterFlags(0x0)
param "CGBOVL"
units = "", desc = "", flags = ParameterFlags(0x0)
param "CFRW"
units = "", desc = "", flags = ParameterFlags(0x0)
param "CFRDW"
units = "", desc = "", flags = ParameterFlags(0x0)
param "FNTO"
units = "", desc = "", flags = ParameterFlags(0x0)
param "FNTEXCL"
units = "", desc = "", flags = ParameterFlags(0x0)
param "NFALW"
units = "", desc = "", flags = ParameterFlags(0x0)
param "NFBLW"
units = "", desc = "", flags = ParameterFlags(0x0)
param "NFCLW"
units = "", desc = "", flags = ParameterFlags(0x0)
param "EFO"
units = "", desc = "", flags = ParameterFlags(0x0)
param "LINTNOI"
units = "", desc = "", flags = ParameterFlags(0x0)
param "ALPNOI"
units = "", desc = "", flags = ParameterFlags(0x0)
param "DTA"
units = "", desc = "", flags = ParameterFlags(0x0)
param "KVTHOWEO"
units = "", desc = "", flags = ParameterFlags(0x0)
param "KVTHOWEL"
units = "", desc = "", flags = ParameterFlags(0x0)
param "KVTHOWEW"
units = "", desc = "", flags = ParameterFlags(0x0)
param "KVTHOWELW"
units = "", desc = "", flags = ParameterFlags(0x0)
param "KUOWEO"
units = "", desc = "", flags = ParameterFlags(0x0)
param "KUOWEL"
units = "", desc = "", flags = ParameterFlags(0x0)
param "KUOWEW"
units = "", desc = "", flags = ParameterFlags(0x0)
param "KUOWELW"
units = "", desc = "", flags = ParameterFlags(0x0)
param "RGO"
units = "", desc = "", flags = ParameterFlags(0x0)
param "RBULKO"
units = "", desc = "", flags = ParameterFlags(0x0)
param "RWELLO"
units = "", desc = "", flags = ParameterFlags(0x0)
param "RJUNSO"
units = "", desc = "", flags = ParameterFlags(0x0)
param "RJUNDO"
units = "", desc = "", flags = ParameterFlags(0x0)
param "RINT"
units = "", desc = "", flags = ParameterFlags(0x0)
param "RVPOLY"
units = "", desc = "", flags = ParameterFlags(0x0)
param "RSHG"
units = "", desc = "", flags = ParameterFlags(0x0)
param "DLSIL"
units = "", desc = "", flags = ParameterFlags(0x0)
param "SAREF"
units = "", desc = "", flags = ParameterFlags(0x0)
param "SBREF"
units = "", desc = "", flags = ParameterFlags(0x0)
param "WLOD"
units = "", desc = "", flags = ParameterFlags(0x0)
param "KUO"
units = "", desc = "", flags = ParameterFlags(0x0)
param "KVSAT"
units = "", desc = "", flags = ParameterFlags(0x0)
param "TKUO"
units = "", desc = "", flags = ParameterFlags(0x0)
param "LKUO"
units = "", desc = "", flags = ParameterFlags(0x0)
param "WKUO"
units = "", desc = "", flags = ParameterFlags(0x0)
param "PKUO"
units = "", desc = "", flags = ParameterFlags(0x0)
param "LLODKUO"
units = "", desc = "", flags = ParameterFlags(0x0)
param "WLODKUO"
units = "", desc = "", flags = ParameterFlags(0x0)
param "KVTHO"
units = "", desc = "", flags = ParameterFlags(0x0)
param "LKVTHO"
units = "", desc = "", flags = ParameterFlags(0x0)
param "WKVTHO"
units = "", desc = "", flags = ParameterFlags(0x0)
param "PKVTHO"
units = "", desc = "", flags = ParameterFlags(0x0)
param "LLODVTH"
units = "", desc = "", flags = ParameterFlags(0x0)
param "WLODVTH"
units = "", desc = "", flags = ParameterFlags(0x0)
param "STETAO"
units = "", desc = "", flags = ParameterFlags(0x0)
param "LODETAO"
units = "", desc = "", flags = ParameterFlags(0x0)
param "SCREF"
units = "", desc = "", flags = ParameterFlags(0x0)
param "WEB"
units = "", desc = "", flags = ParameterFlags(0x0)
param "WEC"
units = "", desc = "", flags = ParameterFlags(0x0)
param "IMAX"
units = "", desc = "", flags = ParameterFlags(0x0)
param "TRJ"
units = "", desc = "", flags = ParameterFlags(0x0)
param "CJORBOT"
units = "", desc = "", flags = ParameterFlags(0x0)
param "CJORSTI"
units = "", desc = "", flags = ParameterFlags(0x0)
param "CJORGAT"
units = "", desc = "", flags = ParameterFlags(0x0)
param "VBIRBOT"
units = "", desc = "", flags = ParameterFlags(0x0)
param "VBIRSTI"
units = "", desc = "", flags = ParameterFlags(0x0)
param "VBIRGAT"
units = "", desc = "", flags = ParameterFlags(0x0)
param "PBOT"
units = "", desc = "", flags = ParameterFlags(0x0)
param "PSTI"
units = "", desc = "", flags = ParameterFlags(0x0)
param "PGAT"
units = "", desc = "", flags = ParameterFlags(0x0)
param "PHIGBOT"
units = "", desc = "", flags = ParameterFlags(0x0)
param "PHIGSTI"
units = "", desc = "", flags = ParameterFlags(0x0)
param "PHIGGAT"
units = "", desc = "", flags = ParameterFlags(0x0)
param "IDSATRBOT"
units = "", desc = "", flags = ParameterFlags(0x0)
param "IDSATRSTI"
units = "", desc = "", flags = ParameterFlags(0x0)
param "IDSATRGAT"
units = "", desc = "", flags = ParameterFlags(0x0)
param "CSRHBOT"
units = "", desc = "", flags = ParameterFlags(0x0)
param "CSRHSTI"
units = "", desc = "", flags = ParameterFlags(0x0)
param "CSRHGAT"
units = "", desc = "", flags = ParameterFlags(0x0)
param "XJUNSTI"
units = "", desc = "", flags = ParameterFlags(0x0)
param "XJUNGAT"
units = "", desc = "", flags = ParameterFlags(0x0)
param "CTATBOT"
units = "", desc = "", flags = ParameterFlags(0x0)
param "CTATSTI"
units = "", desc = "", flags = ParameterFlags(0x0)
param "CTATGAT"
units = "", desc = "", flags = ParameterFlags(0x0)
param "MEFFTATBOT"
units = "", desc = "", flags = ParameterFlags(0x0)
param "MEFFTATSTI"
units = "", desc = "", flags = ParameterFlags(0x0)
param "MEFFTATGAT"
units = "", desc = "", flags = ParameterFlags(0x0)
param "CBBTBOT"
units = "", desc = "", flags = ParameterFlags(0x0)
param "CBBTSTI"
units = "", desc = "", flags = ParameterFlags(0x0)
param "CBBTGAT"
units = "", desc = "", flags = ParameterFlags(0x0)
param "FBBTRBOT"
units = "", desc = "", flags = ParameterFlags(0x0)
param "FBBTRSTI"
units = "", desc = "", flags = ParameterFlags(0x0)
param "FBBTRGAT"
units = "", desc = "", flags = ParameterFlags(0x0)
param "STFBBTBOT"
units = "", desc = "", flags = ParameterFlags(0x0)
param "STFBBTSTI"
units = "", desc = "", flags = ParameterFlags(0x0)
param "STFBBTGAT"
units = "", desc = "", flags = ParameterFlags(0x0)
param "VBRBOT"
units = "", desc = "", flags = ParameterFlags(0x0)
param "VBRSTI"
units = "", desc = "", flags = ParameterFlags(0x0)
param "VBRGAT"
units = "", desc = "", flags = ParameterFlags(0x0)
param "PBRBOT"
units = "", desc = "", flags = ParameterFlags(0x0)
param "PBRSTI"
units = "", desc = "", flags = ParameterFlags(0x0)
param "PBRGAT"
units = "", desc = "", flags = ParameterFlags(0x0)
param "CJORBOTD"
units = "", desc = "", flags = ParameterFlags(0x0)
param "CJORSTID"
units = "", desc = "", flags = ParameterFlags(0x0)
param "CJORGATD"
units = "", desc = "", flags = ParameterFlags(0x0)
param "VBIRBOTD"
units = "", desc = "", flags = ParameterFlags(0x0)
param "VBIRSTID"
units = "", desc = "", flags = ParameterFlags(0x0)
param "VBIRGATD"
units = "", desc = "", flags = ParameterFlags(0x0)
param "PBOTD"
units = "", desc = "", flags = ParameterFlags(0x0)
param "PSTID"
units = "", desc = "", flags = ParameterFlags(0x0)
param "PGATD"
units = "", desc = "", flags = ParameterFlags(0x0)
param "PHIGBOTD"
units = "", desc = "", flags = ParameterFlags(0x0)
param "PHIGSTID"
units = "", desc = "", flags = ParameterFlags(0x0)
param "PHIGGATD"
units = "", desc = "", flags = ParameterFlags(0x0)
param "IDSATRBOTD"
units = "", desc = "", flags = ParameterFlags(0x0)
param "IDSATRSTID"
units = "", desc = "", flags = ParameterFlags(0x0)
param "IDSATRGATD"
units = "", desc = "", flags = ParameterFlags(0x0)
param "CSRHBOTD"
units = "", desc = "", flags = ParameterFlags(0x0)
param "CSRHSTID"
units = "", desc = "", flags = ParameterFlags(0x0)
param "CSRHGATD"
units = "", desc = "", flags = ParameterFlags(0x0)
param "XJUNSTID"
units = "", desc = "", flags = ParameterFlags(0x0)
param "XJUNGATD"
units = "", desc = "", flags = ParameterFlags(0x0)
param "CTATBOTD"
units = "", desc = "", flags = ParameterFlags(0x0)
param "CTATSTID"
units = "", desc = "", flags = ParameterFlags(0x0)
param "CTATGATD"
units = "", desc = "", flags = ParameterFlags(0x0)
param "MEFFTATBOTD"
units = "", desc = "", flags = ParameterFlags(0x0)
param "MEFFTATSTID"
units = "", desc = "", flags = ParameterFlags(0x0)
param "MEFFTATGATD"
units = "", desc = "", flags = ParameterFlags(0x0)
param "CBBTBOTD"
units = "", desc = "", flags = ParameterFlags(0x0)
param "CBBTSTID"
units = "", desc = "", flags = ParameterFlags(0x0)
param "CBBTGATD"
units = "", desc = "", flags = ParameterFlags(0x0)
param "FBBTRBOTD"
units = "", desc = "", flags = ParameterFlags(0x0)
param "FBBTRSTID"
units = "", desc = "", flags = ParameterFlags(0x0)
param "FBBTRGATD"
units = "", desc = "", flags = ParameterFlags(0x0)
param "STFBBTBOTD"
units = "", desc = "", flags = ParameterFlags(0x0)
param "STFBBTSTID"
units = "", desc = "", flags = ParameterFlags(0x0)
param "STFBBTGATD"
units = "", desc = "", flags = ParameterFlags(0x0)
param "VBRBOTD"
units = "", desc = "", flags = ParameterFlags(0x0)
param "VBRSTID"
units = "", desc = "", flags = ParameterFlags(0x0)
param "VBRGATD"
units = "", desc = "", flags = ParameterFlags(0x0)
param "PBRBOTD"
units = "", desc = "", flags = ParameterFlags(0x0)
param "PBRSTID"
units = "", desc = "", flags = ParameterFlags(0x0)
param "PBRGATD"
units = "", desc = "", flags = ParameterFlags(0x0)
param "SWJUNEXP"
units = "", desc = "", flags = ParameterFlags(0x0)
param "VJUNREF"
units = "", desc = "", flags = ParameterFlags(0x0)
param "FJUNQ"
units = "", desc = "", flags = ParameterFlags(0x0)
param "VJUNREFD"
units = "", desc = "", flags = ParameterFlags(0x0)
param "FJUNQD"
units = "", desc = "", flags = ParameterFlags(0x0)
param "L"
units = "", desc = "", flags = ParameterFlags(0x0)
param "W"
units = "", desc = "", flags = ParameterFlags(0x0)
param "SA"
units = "", desc = "", flags = ParameterFlags(0x0)
param "SB"
units = "", desc = "", flags = ParameterFlags(0x0)
param "SD"
units = "", desc = "", flags = ParameterFlags(0x0)
param "SCA"
units = "", desc = "", flags = ParameterFlags(0x0)
param "SCB"
units = "", desc = "", flags = ParameterFlags(0x0)
param "SCC"
units = "", desc = "", flags = ParameterFlags(0x0)
param "SC"
units = "", desc = "", flags = ParameterFlags(0x0)
param "DELVTO"
units = "", desc = "", flags = ParameterFlags(0x0)
param "FACTUO"
units = "", desc = "", flags = ParameterFlags(0x0)
param "ABSOURCE"
units = "", desc = "", flags = ParameterFlags(0x0)
param "LSSOURCE"
units = "", desc = "", flags = ParameterFlags(0x0)
param "LGSOURCE"
units = "", desc = "", flags = ParameterFlags(0x0)
param "ABDRAIN"
units = "", desc = "", flags = ParameterFlags(0x0)
param "LSDRAIN"
units = "", desc = "", flags = ParameterFlags(0x0)
param "LGDRAIN"
units = "", desc = "", flags = ParameterFlags(0x0)
param "AS"
units = "", desc = "", flags = ParameterFlags(0x0)
param "PS"
units = "", desc = "", flags = ParameterFlags(0x0)
param "AD"
units = "", desc = "", flags = ParameterFlags(0x0)
param "PD"
units = "", desc = "", flags = ParameterFlags(0x0)
param "MULT"
units = "", desc = "", flags = ParameterFlags(0x0)
param "NF"
units = "", desc = "", flags = ParameterFlags(0x0)
param "NGCON"
units = "", desc = "", flags = ParameterFlags(0x0)
param "XGW"
units = "", desc = "", flags = ParameterFlags(0x0)

4 terminals
node "D" units = "V", runits = ""
residual 5136 5144 4294967295 4294967295
node "G" units = "V", runits = ""
residual 5152 4294967295 4294967295 4294967295
node "S" units = "V", runits = ""
residual 5160 5168 4294967295 4294967295
node "B" units = "V", runits = ""
residual 5176 4294967295 4294967295 4294967295
node "BP" units = "V", runits = ""
residual 5184 5192 4294967295 4294967295
node "GP" units = "V", runits = ""
residual 5200 5208 4294967295 4294967295
node "BS" units = "V", runits = ""
residual 5216 5224 4294967295 4294967295
node "BD" units = "V", runits = ""
residual 5232 5240 4294967295 4294967295
node "BI" units = "V", runits = ""
residual 5248 4294967295 4294967295 4294967295
node "NOI2" units = "V", runits = ""
residual 5256 4294967295 4294967295 4294967295
node "NOI" units = "V", runits = ""
residual 5264 5272 4294967295 4294967295
node "implicit_equation_0" units = "", runits = ""
residual 5280 5288 4294967295 4294967295
jacobian (D, D) JacobianFlags(JACOBIAN_ENTRY_RESIST | JACOBIAN_ENTRY_REACT) react_ptr = 456
jacobian (D, S) JacobianFlags(JACOBIAN_ENTRY_RESIST | JACOBIAN_ENTRY_REACT) react_ptr = 464
jacobian (D, BP) JacobianFlags(JACOBIAN_ENTRY_RESIST | JACOBIAN_ENTRY_REACT) react_ptr = 472
jacobian (D, GP) JacobianFlags(JACOBIAN_ENTRY_RESIST | JACOBIAN_ENTRY_REACT) react_ptr = 480
jacobian (D, BS) JacobianFlags(JACOBIAN_ENTRY_RESIST | JACOBIAN_ENTRY_REACT) react_ptr = 488
jacobian (D, BD) JacobianFlags(JACOBIAN_ENTRY_RESIST | JACOBIAN_ENTRY_REACT) react_ptr = 496
jacobian (D, NOI2) JacobianFlags(JACOBIAN_ENTRY_RESIST | JACOBIAN_ENTRY_REACT_CONST) react_ptr = 4294967295
jacobian (D, implicit_equation_0) JacobianFlags(JACOBIAN_ENTRY_RESIST | JACOBIAN_ENTRY_REACT_CONST) react_ptr = 4294967295
jacobian (G, G) JacobianFlags(JACOBIAN_ENTRY_RESIST | JACOBIAN_ENTRY_REACT_CONST) react_ptr = 4294967295
jacobian (G, GP) JacobianFlags(JACOBIAN_ENTRY_RESIST | JACOBIAN_ENTRY_REACT_CONST) react_ptr = 4294967295
jacobian (S, D) JacobianFlags(JACOBIAN_ENTRY_RESIST | JACOBIAN_ENTRY_REACT) react_ptr = 504
jacobian (S, S) JacobianFlags(JACOBIAN_ENTRY_RESIST | JACOBIAN_ENTRY_REACT) react_ptr = 512
jacobian (S, BP) JacobianFlags(JACOBIAN_ENTRY_RESIST | JACOBIAN_ENTRY_REACT) react_ptr = 520
jacobian (S, GP) JacobianFlags(JACOBIAN_ENTRY_RESIST | JACOBIAN_ENTRY_REACT) react_ptr = 528
jacobian (S, BS) JacobianFlags(JACOBIAN_ENTRY_RESIST | JACOBIAN_ENTRY_REACT) react_ptr = 536
jacobian (S, NOI2) JacobianFlags(JACOBIAN_ENTRY_RESIST | JACOBIAN_ENTRY_REACT_CONST) react_ptr = 4294967295
jacobian (S, implicit_equation_0) JacobianFlags(JACOBIAN_ENTRY_RESIST | JACOBIAN_ENTRY_REACT_CONST) react_ptr = 4294967295
jacobian (B, B) JacobianFlags(JACOBIAN_ENTRY_RESIST | JACOBIAN_ENTRY_REACT_CONST) react_ptr = 4294967295
jacobian (B, BI) JacobianFlags(JACOBIAN_ENTRY_RESIST | JACOBIAN_ENTRY_REACT_CONST) react_ptr = 4294967295
jacobian (BP, D) JacobianFlags(JACOBIAN_ENTRY_RESIST | JACOBIAN_ENTRY_REACT) react_ptr = 544
jacobian (BP, S) JacobianFlags(JACOBIAN_ENTRY_RESIST | JACOBIAN_ENTRY_REACT) react_ptr = 552
jacobian (BP, BP) JacobianFlags(JACOBIAN_ENTRY_RESIST | JACOBIAN_ENTRY_REACT) react_ptr = 560
jacobian (BP, GP) JacobianFlags(JACOBIAN_ENTRY_RESIST | JACOBIAN_ENTRY_REACT) react_ptr = 568
jacobian (BP, BI) JacobianFlags(JACOBIAN_ENTRY_RESIST | JACOBIAN_ENTRY_REACT_CONST) react_ptr = 4294967295
jacobian (GP, D) JacobianFlags(JACOBIAN_ENTRY_RESIST | JACOBIAN_ENTRY_REACT) react_ptr = 576
jacobian (GP, G) JacobianFlags(JACOBIAN_ENTRY_RESIST | JACOBIAN_ENTRY_REACT_CONST) react_ptr = 4294967295
jacobian (GP, S) JacobianFlags(JACOBIAN_ENTRY_RESIST | JACOBIAN_ENTRY_REACT) react_ptr = 584
jacobian (GP, BP) JacobianFlags(JACOBIAN_ENTRY_RESIST | JACOBIAN_ENTRY_REACT) react_ptr = 592
jacobian (GP, GP) JacobianFlags(JACOBIAN_ENTRY_RESIST | JACOBIAN_ENTRY_REACT) react_ptr = 600
jacobian (GP, implicit_equation_0) JacobianFlags(JACOBIAN_ENTRY_RESIST | JACOBIAN_ENTRY_REACT_CONST) react_ptr = 4294967295
jacobian (BS, S) JacobianFlags(JACOBIAN_ENTRY_RESIST | JACOBIAN_ENTRY_REACT) react_ptr = 608
jacobian (BS, BS) JacobianFlags(JACOBIAN_ENTRY_RESIST | JACOBIAN_ENTRY_REACT) react_ptr = 616
jacobian (BS, BI) JacobianFlags(JACOBIAN_ENTRY_RESIST | JACOBIAN_ENTRY_REACT_CONST) react_ptr = 4294967295
jacobian (BD, D) JacobianFlags(JACOBIAN_ENTRY_RESIST | JACOBIAN_ENTRY_REACT) react_ptr = 624
jacobian (BD, S) JacobianFlags(JACOBIAN_ENTRY_RESIST | JACOBIAN_ENTRY_REACT) react_ptr = 632
jacobian (BD, BS) JacobianFlags(JACOBIAN_ENTRY_RESIST | JACOBIAN_ENTRY_REACT) react_ptr = 640
jacobian (BD, BD) JacobianFlags(JACOBIAN_ENTRY_RESIST | JACOBIAN_ENTRY_REACT) react_ptr = 648
jacobian (BD, BI) JacobianFlags(JACOBIAN_ENTRY_RESIST | JACOBIAN_ENTRY_REACT_CONST) react_ptr = 4294967295
jacobian (BI, B) JacobianFlags(JACOBIAN_ENTRY_RESIST | JACOBIAN_ENTRY_REACT_CONST) react_ptr = 4294967295
jacobian (BI, BP) JacobianFlags(JACOBIAN_ENTRY_RESIST | JACOBIAN_ENTRY_REACT_CONST) react_ptr = 4294967295
jacobian (BI, BS) JacobianFlags(JACOBIAN_ENTRY_RESIST | JACOBIAN_ENTRY_REACT_CONST) react_ptr = 4294967295
jacobian (BI, BD) JacobianFlags(JACOBIAN_ENTRY_RESIST | JACOBIAN_ENTRY_REACT_CONST) react_ptr = 4294967295
jacobian (BI, BI) JacobianFlags(JACOBIAN_ENTRY_RESIST | JACOBIAN_ENTRY_REACT_CONST) react_ptr = 4294967295
jacobian (NOI2, NOI2) JacobianFlags(JACOBIAN_ENTRY_RESIST | JACOBIAN_ENTRY_RESIST_CONST | JACOBIAN_ENTRY_REACT_CONST) react_ptr = 4294967295
jacobian (NOI, D) JacobianFlags(JACOBIAN_ENTRY_RESIST | JACOBIAN_ENTRY_REACT) react_ptr = 656
jacobian (NOI, S) JacobianFlags(JACOBIAN_ENTRY_RESIST | JACOBIAN_ENTRY_REACT) react_ptr = 664
jacobian (NOI, BP) JacobianFlags(JACOBIAN_ENTRY_RESIST | JACOBIAN_ENTRY_REACT) react_ptr = 672
jacobian (NOI, GP) JacobianFlags(JACOBIAN_ENTRY_RESIST | JACOBIAN_ENTRY_REACT) react_ptr = 680
jacobian (NOI, NOI2) JacobianFlags(JACOBIAN_ENTRY_RESIST | JACOBIAN_ENTRY_REACT_CONST) react_ptr = 4294967295
jacobian (NOI, NOI) JacobianFlags(JACOBIAN_ENTRY_RESIST | JACOBIAN_ENTRY_REACT) react_ptr = 688
jacobian (implicit_equation_0, D) JacobianFlags(JACOBIAN_ENTRY_RESIST | JACOBIAN_ENTRY_REACT_CONST) react_ptr = 4294967295
jacobian (implicit_equation_0, S) JacobianFlags(JACOBIAN_ENTRY_RESIST | JACOBIAN_ENTRY_REACT_CONST) react_ptr = 4294967295
jacobian (implicit_equation_0, BP) JacobianFlags(JACOBIAN_ENTRY_RESIST | JACOBIAN_ENTRY_REACT_CONST) react_ptr = 4294967295
jacobian (implicit_equation_0, GP) JacobianFlags(JACOBIAN_ENTRY_RESIST | JACOBIAN_ENTRY_REACT_CONST) react_ptr = 4294967295
jacobian (implicit_equation_0, NOI) JacobianFlags(JACOBIAN_ENTRY_RESIST | JACOBIAN_ENTRY_REACT_CONST) react_ptr = 4294967295
jacobian (implicit_equation_0, implicit_equation_0) JacobianFlags(JACOBIAN_ENTRY_REACT | JACOBIAN_ENTRY_RESIST_CONST | JACOBIAN_ENTRY_REACT_CONST) react_ptr = 696
collapsible (G, GP)
collapsible (BP, BI)
collapsible (BS, BI)
collapsible (BD, BI)
collapsible (B, BI)
0 states
has bound_step false
instance size 5792
model size 2584
