{
    v57: cslot0,
    v58: cslot1,
}
{
    cslot0: (
        (
            Some(ClassId(76)),
            0,
        ),
        Real,
    ),
    cslot1: (
        (
            Some(ClassId(183)),
            0,
        ),
        Real,
    ),
}