function %(v16, v19, v26, v27, v40, v43, v56) {
    inst0 = fn %collapse_node2_None(0) -> 0
    v3 = fconst 0.0

                                block8:
@000b                               v21 = flt v19, v3
                                    br v21, block7, block6

                                block6:
                                    jmp block7

                                block7:
                                    v36 = phi [v16, block6], [v3, block8]
                                    v41 = fsub v36, v27
                                    v42 = fneg v27
                                    v47 = fmul v43, v27
                                    v46 = optbarrier v47
                                    v49 = fmul v43, v42
                                    v48 = optbarrier v49
                                    v50 = optbarrier v41
                                    v52 = fmul v43, v40
                                    v51 = optbarrier v52
                                    v55 = optbarrier v56
}
